// Jest Snapshot v1, https://goo.gl/fbAQLP

exports[`App renders correctly 1`] = `
<LinearGradient
  colors={
    Array [
      "#F0CB35",
      "#D56C2C",
      "#C02425",
    ]
  }
  style={
    Object {
      "alignItems": "center",
      "backgroundColor": "#ccc",
      "flex": 1,
      "justifyContent": "center",
    }
  }
>
  <FlatList
    data={
      Array [
        Object {
          "address": "2835 W 72nd Ave, Westminster, CO 80030",
          "id": 1,
          "name": "Guadalajara Mexican Restaurant",
        },
        Object {
          "address": "1111 W Taco St, CO 80211",
          "id": 2,
          "name": "Taco Taco Taco",
        },
      ]
    }
    disableVirtualization={false}
    horizontal={false}
    initialNumToRender={10}
    keyExtractor={[Function]}
    maxToRenderPerBatch={10}
    numColumns={1}
    onEndReachedThreshold={2}
    removeClippedSubviews={false}
    renderItem={[Function]}
    scrollEventThrottle={50}
    showsVerticalScrollIndicator={false}
    updateCellsBatchingPeriod={50}
    windowSize={21}
  />
  <Component
    animationType="fade"
    hardwareAccelerated={false}
    onRequestClose={[Function]}
    visible={false}
  >
    <RestaurantPage
      restaurant={null}
      submitTaco={[Function]}
      updateLocalReviews={[Function]}
    />
  </Component>
  <SplashPage
    isLoading={true}
  />
</LinearGradient>
`;
