// Jest Snapshot v1, https://goo.gl/fbAQLP

exports[`App renders correctly 1`] = `
<LinearGradient
  colors={
    Array [
      "#F0CB35",
      "#D56C2C",
      "#C02425",
    ]
  }
  style={
    Object {
      "alignItems": "center",
      "backgroundColor": "#ccc",
      "flex": 1,
      "justifyContent": "center",
      "paddingTop": 42,
    }
  }
>
  <FlatList
    data={
      Array [
        Object {
          "address": "7610 Conifer Rd, Denver, CO 80221",
          "distance": 563.486550595786,
          "id": 1,
          "image_url": "https://s3-media2.fl.yelpcdn.com/bphoto/p0JDroBv0kkPQ5eTenBcuQ/o.jpg",
          "is_closed": false,
          "latitude": 39.834828,
          "longitude": -104.986963,
          "name": "Las Delicias North",
          "phone": "+13034300422",
          "review_count": 170,
          "tacoboutit_item_review_count": 0,
          "tacos": Array [
            Object {
              "average_rating": 5,
              "id": 9,
              "restaurant_id": 1,
              "reviews": Array [
                Object {
                  "id": 1,
                  "rating": 7,
                  "review": "its ok",
                  "taco": 9,
                },
                Object {
                  "id": 2,
                  "rating": 4,
                  "review": "lame",
                  "taco": 9,
                },
                Object {
                  "id": 3,
                  "rating": 4,
                  "review": null,
                  "taco": 9,
                },
                Object {
                  "id": 4,
                  "rating": 1,
                  "review": "This taco put my son in the hospital",
                  "taco": 9,
                },
                Object {
                  "id": 5,
                  "rating": 10,
                  "review": "The best",
                  "taco": 9,
                },
                Object {
                  "id": 6,
                  "rating": 4,
                  "review": "meh",
                  "taco": 9,
                },
              ],
              "type": "Testing testing",
            },
          ],
          "url": "https://www.yelp.com/biz/las-delicias-north-denver-2?adjust_creative=pxQ3XEqH9sM15FQYWsuBXQ&utm_campaign=yelp_api_v3&utm_medium=api_v3_business_search&utm_source=pxQ3XEqH9sM15FQYWsuBXQ",
          "yelp_id": "lAeWTnxwadpS20I25kSbnQ",
          "yelp_rating": 3.5,
        },
        Object {
          "address": "130 W 70th Ave, Denver, CO 80221",
          "distance": 1782.59977835185,
          "id": 2,
          "image_url": "https://s3-media4.fl.yelpcdn.com/bphoto/BrjCYwtiLR-R5qyddrnjnw/o.jpg",
          "is_closed": false,
          "latitude": 39.8234851,
          "longitude": -104.9892212,
          "name": "Freds Breakfast Burritos",
          "phone": "+13034283145",
          "review_count": 40,
          "tacoboutit_item_review_count": 0,
          "tacos": Array [],
          "url": "https://www.yelp.com/biz/freds-breakfast-burritos-denver?adjust_creative=pxQ3XEqH9sM15FQYWsuBXQ&utm_campaign=yelp_api_v3&utm_medium=api_v3_business_search&utm_source=pxQ3XEqH9sM15FQYWsuBXQ",
          "yelp_id": "Oum4nOuOsyMRM5jnc6pGLQ",
          "yelp_rating": 5,
        },
      ]
    }
    disableVirtualization={false}
    horizontal={false}
    initialNumToRender={10}
    keyExtractor={[Function]}
    maxToRenderPerBatch={10}
    numColumns={1}
    onEndReachedThreshold={2}
    removeClippedSubviews={false}
    renderItem={[Function]}
    scrollEventThrottle={50}
    showsVerticalScrollIndicator={false}
    updateCellsBatchingPeriod={50}
    windowSize={21}
  />
  <Component
    animationType="fade"
    hardwareAccelerated={false}
    onRequestClose={[Function]}
    visible={false}
  >
    <RestaurantPage
      restaurant={null}
      submitTaco={[Function]}
      updateLocalReviews={[Function]}
    />
  </Component>
  <SplashPage
    isLoading={true}
  />
</LinearGradient>
`;
