// Jest Snapshot v1, https://goo.gl/fbAQLP

exports[`App renders correctly 1`] = `
<LinearGradient
  colors={
    Array [
      "#F0CB35",
      "#D56C2C",
      "#C02425",
    ]
  }
  style={
    Object {
      "alignItems": "center",
      "backgroundColor": "#ccc",
      "flex": 1,
      "justifyContent": "center",
    }
  }
>
  <TacoSearch />
  <Component
    animationType="fade"
    hardwareAccelerated={false}
    onRequestClose={[Function]}
    visible={false}
  >
    <RestaurantPage
      restaurant={null}
      submitTaco={[Function]}
    />
  </Component>
  <SplashPage
    isLoading={true}
  />
</LinearGradient>
`;
